<Equipments>
    <EquipmentRoster pool="">
        <equipment slot="Item0"
                   id="Item.ddg_polearm_longspear1"/>
        <equipment slot="Body"
                   id="Item.jack_sleeveless_with_splints1"/>
        <equipment slot="Leg"
                   id="Item.hosen_with_boots_c1"/>
        <equipment slot="Head"
                   id="Item.war_hat1"/>
    </EquipmentRoster>
    <EquipmentRoster pool="invalid_pool">
        <equipment slot="Item0"
                   id="Item.ddg_polearm_longspear2"/>
        <equipment slot="Body"
                   id="Item.jack_sleeveless_with_splints2"/>
        <equipment slot="Leg"
                   id="Item.hosen_with_boots_c2"/>
        <equipment slot="Head"
                   id="Item.war_hat2"/>
    </EquipmentRoster>
    <EquipmentRoster pool="&amp;">
        <equipment slot="Item0"
                   id="Item.ddg_polearm_longspear3"/>
        <equipment slot="Body"
                   id="Item.jack_sleeveless_with_splints3"/>
        <equipment slot="Leg"
                   id="Item.hosen_with_boots_c3"/>
        <equipment slot="Head"
                   id="Item.war_hat3"/>
    </EquipmentRoster>
    <EquipmentRoster pool="         ">
        <equipment slot="Item0"
                   id="Item.ddg_polearm_longspear4"/>
        <equipment slot="Body"
                   id="Item.jack_sleeveless_with_splints4"/>
        <equipment slot="Leg"
                   id="Item.hosen_with_boots_c4"/>
        <equipment slot="Head"
                   id="Item.war_hat4"/>
    </EquipmentRoster>
    <EquipmentRoster pool="0">
        <equipment slot="Item0"
                   id="Item.ddg_polearm_longspear5"/>
        <equipment slot="Body"
                   id="Item.jack_sleeveless_with_splints5"/>
        <equipment slot="Leg"
                   id="Item.hosen_with_boots_c5"/>
        <equipment slot="Head"
                   id="Item.war_hat5"/>
    </EquipmentRoster>
</Equipments>
