<Equipments>
    <EquipmentSet pool="2" id="vlandia_troop_civilian_template_t2" civilian="false"/>
</Equipments>