<Equipments>
    <EquipmentRoster pool="1">
        <equipment slot="Item0" id="Item.ddg_polearm_boarspear"/>
        <equipment slot="Body" id="Item.jack"/>
        <equipment slot="Leg" id="Item.hosen_b"/>
        <equipment slot="Head" id="Item.caramel_sallet_tilted"/>
        <equipment slot="Gloves" id="Item.mitten_gauntlets"/>
    </EquipmentRoster>
    <EquipmentRoster pool="1">
        <equipment slot="Item0" id="Item.ddg_polearm_billhook"/>
        <equipment slot="Body" id="Item.jack"/>
        <equipment slot="Leg" id="Item.hosen_with_poleyns_a"/>
        <equipment slot="Head" id="Item.caramel_sallet_opened"/>
        <equipment slot="Gloves" id="Item.mitten_gauntlets"/>
    </EquipmentRoster>    
</Equipments>