<Equipments>
    <EquipmentSet pool="" civilian="true">
        <Equipment slot="Head" id="Item.dadg_simple_hat_a" />
        <Equipment slot="Body"
                   id="Item.pleatedjacketfurtrim_red" />
        <Equipment slot="Leg"
                   id="Item.hosen_with_shoes_a" />
    </EquipmentSet>
    <EquipmentSet pool="invalid_pool" civilian="true">
        <Equipment slot="Head" id="Item.dadg_simple_hat_b" />
        <Equipment slot="Body"
                   id="Item.pleatedjacketfurtrim_green" />
        <Equipment slot="Leg"
                   id="Item.hosen_with_shoes_b" />
    </EquipmentSet>
    <EquipmentSet pool="&amp;" civilian="true">
        <Equipment slot="Head" id="Item.dadg_sheperds_hat" />
        <Equipment slot="Body"
                   id="Item.pleatedjacketfurtrim_black" />
        <Equipment slot="Leg"
                   id="Item.hosen_with_boots_a" />
    </EquipmentSet>
    <EquipmentSet pool="         " civilian="true">
        <Equipment slot="Head" id="Item.dadg_sheperds_hat" />
        <Equipment slot="Body"
                   id="Item.pleatedjacketfurtrim_blue" />
        <Equipment slot="Leg"
                   id="Item.hosen_with_boots_a" />
    </EquipmentSet>
</Equipments>
