<Equipments>
    <EquipmentSet civilian="true">
        <Equipment slot="Head" id="Item.dadg_simple_hat_a" />
    </EquipmentSet>
</Equipments>