<Equipments>
    <EquipmentSet civilian="true">
        <Equipment slot="Head" id="Item.dadg_simple_hat_a" />
        <Equipment slot="Body"
                   id="Item.pleatedjacketfurtrim_red" />
        <Equipment slot="Leg"
                   id="Item.hosen_with_shoes_a" />
    </EquipmentSet>
    <EquipmentSet pool="0" civilian="true">
        <Equipment slot="Head" id="Item.dadg_sheperds_hat" />
        <Equipment slot="Body"
                   id="Item.pleatedjacketfurtrim_black" />
        <Equipment slot="Leg"
                   id="Item.hosen_with_boots_a" />
    </EquipmentSet>    
</Equipments>