<Equipments>
    <EquipmentSet pool="3" id="vlandia_troop_civilian_template_t3"
                  civilian="true"/>
</Equipments>